[dotenv@17.3.1] injecting env (6) from .env -- tip: ΓÜÖ∩╕Å  override existing env vars with { override: true }
Customers: [
  {
    id: 1,
    name: 'V K Adithyan',
    email: 'vkadithyanproff77@gmail.com',
    phone: '8129377247',
    address: null,
    created_at: 2026-03-30T16:14:47.000Z
  }
]
Users: [
  {
    id: 1,
    username: 'admin',
    password: '$2y$10$hashedpassword',
    role: 'admin',
    created_at: 2026-03-16T08:41:23.000Z
  },
  {
    id: 2,
    username: 'customer',
    password: '$2y$10$hashedpassword',
    role: 'customer',
    created_at: 2026-03-16T08:41:23.000Z
  }
]
